3299491164671216671826381597232378764215927992272928898729391915888562333663224715983741162526648
4X41588X3X753X1X65221412X334222646563X3X122174366927618871X3395X64139299894X2554345X4521135X21422
63646271X14532X66X85X1486X143788231X63X423X17X8X18333X2514812513X4X6978799669441X2544X52X365557X4
45776X3286X215773327221X4266424863661X232122X645138871337X24964X2854645X37X5917763216665428572125
63239298478867X24X3X73471X661945325X23X53X524179976X82544252954158718346412X295X7882145338X581X13
1X47999664X2X435552565X5312X499656563X2474134X88115326X751845X1X4453X7442X12594474665X37X1758X412
73X1223X1X2X221245X24453288598546X25X5278X33668737884465X2X4X5523X156754X58249435363X447852X41X67
84637X344127662X2315X258788899242253715137654462X67846X6176477X4X31772416688X245X75X44381X242X829
75386833X6721X35422X7528384244X526642X5X425X22731X48X4441X6533723X224X6X254537X621X11X1X57X2448X1
2258324X3675X5X32X72436878743821X5X614X17315138645526X8634621212X6X1441762X4X26588666713221X21341
5X5X63241X1X4665X462X2X6X542282X212377237125X5X5872262655X8236X136354672X821279916X843X2X4587X579
742245334633X354143X3X51121885X11X77711X25X21X6687X1X242X195X45X326X44744221241816231X2X2847X2X14
4632X64X74X6374X3557X611528X2425X32357551234437636594X8X519746X621485X52X1X2961X652X45541811525X5
799522X4X5612756881354145654993163678X15X4X35976118962X24391X73X15X2184X3X13975399658X1X61X53X228
992X2X425326X5762266X682263723X26547X1X2264359299284X68727996521X21X514135114194999633X1814825535
5762225X699556995X876783X25X67199153132X262X64229682448738876X4X62X24X53354X389356995454999844742
44541318645X144534515X2556X55X3454X77561375437X63423X83899261512X1246277X356X55X43838844315286775
86652X557732X2X3X3X64825353X2677X34173692X78374X772272771635233266X2648251X67X23125X5423X75587723
1221X35343X23X436586183X21X3X21331826679675X1X5194357X28X718X7874361X1871X721231X4X332274477417X8
92X12X7336713457772X42X249213587X5845638X571X4X496X7346465X3129985223226274771663X11X359932714411
1X6993376991X23X7645X75179776383641X714812X526457X4326X41238X6357432733865X5X2226124182233354X317
58969668X545837342X8276774172713X74124X13577274117X1552717X7714758X4X658886713X3X64X28665X86X63X4
749351X385X614X78271X87433852X1X3X7X8752X5472X76731913376713714X72617X7811X764328884571X18X823X23
78522X1253556X3681546X11X78716243211271244656723712974393X5X44X261X33515136X3229964438873723X5515
58543751665X6248412352X1672X525772X22322846332421211X1598831243X1754254X1536X512346X521X46X45X414
786X53X52317233834X12X3X3333X66X7616X564831X5788X6977146385X14422X5545358X865X5323X494715237X55X1
92828X4X4X6444X2X38382X2142X61286X5421X63162X68224956353533583X47288357X188973335X699699944853132
128338753349934X457181516471735552472X2355X8513X145165X278999866X83881527549654112388633213X2X589
5442X24X36281324333228X777X27616X33X61555X45651237X7X777X793358X48X7399493431X33X635X4X5X2X3X1335
31X51X4256X38X631674315114713X536X45X5X54444X66833458X25245X71467788342899961274454X76543X34438X2
9337742X5421241926X1X113X4763518X3884512X18X5618742683X62X837X661123714X437X33778X552247X42438824
83X6416132731149285534X142X367X41X5763X282886643X4X5X3753771151311267721X264X271264342X23792X5613
7755X5X4488125X4881X215372456274X1443X2X22374X236X715X238X17X777476X1636544X1X41X349982X219123881
33336451311311575643378X78185X5323X135317X3632X77765X19643X264416X5344X63422585164993555X68136163
566263X2X328886772X2X5355X7X236X4X52214354216214656163981X123X4X3321332435499983419625X574858X426
7332X42X2X117X3123361547X1374531714144991369981781X2X438X44524213327X3X1X62891816X73X571443147757
211358435266324X3X175X655X1226X775589795X2181X6687341X4X72255X234X157X41176X1583152147425X26X8546
8X2X58X7X241X66315X861522394254X3X13976X875611X73634X1533X1X263213X2X5245738757512865761556X16886
3726458745X44415574634X355965X56526641181142X343X41X188X24521442X53X78143936X84772X541X1X6663X216
755X8716X35743X31X662227379214X121X52X54X6X223653424X483X154X155542188X7495X1X3655652425265X55355
44X756X64X574X4422464148X42X43191442X2736X761X6X33X748137433445547768844X67138327X77444991X6X7354
645X873X17X14134373X32314366668973X63274X48X62575X1X795X2X4X72X42X41564X2X751822X62444X4336376379
72326551141422726761378865X524X2516X626774X3X13X47578921X2X34X5X214237X35233X641836556688547X7X37
4X34532X741X747346948834X541123X3446622474513X32662X4532113X345478961X85X6295X566766346629183X739
333X8237611657X3229547X14X438213X3X1X2X251X11845676723686X2357X6X2935785165924215X5438X31948171X2
12X782X41491X323455X548144368453624171161X44632177764X388741X713245X6X8551X3X5322131X3867653X3252
96331123X5935X2338116X17718X7X67X616727843X6X166X38X2122X88321366481X323X6791316841X3X14X19935X18
137993754X1264778X8721X88247481X3688715X6X5341X53X74X36X7636X56698912X4X116965538448355X4X37711X3
3622388342X2X55X34133X268822X66476274X4822312266X2X11884299844629992X4412716X4X21X15X48254X54X245
6X179995X31X577421761224223155X88132X347X825994X3X242X31611X71265594685X57776661X81321875751221X3
7421671362X65X5X56X7993355654261X13X3X44787351X142764543628441X76X64483555X2542X347X2361172655671
813X57X62414X8733147161X1X625X252992222X6773213X88871X7116843X5X516X3644X53568X52X725351X2X6X24X3
7733X443661X277X634X3343X144283X16663158X81411X8575531318277254625X541235824683X5771X42X341X3X732
66X31687X415417776X2X2X4145X76383174X3X22428X668347X2X52X57826417481X6262X75687624475311245611238
9254X5X6322995X15X6X68243X64X5X84X772364499272X59994412172387742X32X292X5454X23X28775X155X4423826
6372422354187X3436224999225X627878836X232881341X1474X1448X476X4X5X887998757238467857X834X5X388X68
76728X62X111124X3148788544639778382X35X3211995X11X876X5342X74147X67658833X726851X41779974X4542279
82X8234X1573962545284X61996191681775544X34524X1448X65327818X64X14584X116X413851551442439311X811X1
747361X116X695X4678X432377X772867X2X1X51X2X3X455X52546389316X748978315127667X3X2315541497678X5314
4378X1548X83628753153X12167279977444X3X76155719985714X459613165997636X247226351212372X3572582X734
73X782366838X75536711338811186182672544324X782615875X42682X51X52582X53X11X77X52X314X458X56X767372
145253X2X2X734X6X775X4992415X42818X31188X34X858X8X245246536345235X21X35X537X6X61X43646X4X27X21X81
21X523615X42963X2X526644675X66252819935X3111158331842X2X3216X135X1X34X42X725X25326468X1221884X462
7X46837871X69764X2X6X2557X674X3432X586481X1X5X271585X34813341X173214424626215585299524397574X4X35
4153X57X883895X273624X428826X641332344X76622X377211947X1X49971572123X64651X578X19617X6694311464X3
66X31677125453237151X6X746X5364X1X4325172X711X5X62295X55578288X7X11X52223461324494X245576X2549879
342X61X373959931X2X125419946X6X4743X1X76525X1363233294X6214X25822583X23564147X6X3X43X434685X691X5
41X62X527699133X1862166251253X478965347556627681X266992X53583683X28712529933465863X4578X3X8234552
1X653183X18545715X1X67X8438876X75944284772X899831X5171161X622726843225525961X558143686X3X38669987
734268863582X472284465417X8X7643928849233X262554643432X1X4115X1876X33131182X11112X58X6321372X57X5
4X256X66524X4X6X622354X412X378X29636494X14X612416799515X2X27276873322X38X611X4X321784114X8577X328
41X5X4515155X25299433126X73788231633X4X4631357X46533227282X77415653X1434352X2723323132X536X1227X6
4211157X33236X1684X7722416X1726X37X13X36X44X887665141575X27X1777X7423X58X2332X4X34X37732X21X45828
4667X762X4X2X62X4417177424352266456333925423325X4499291X5823337552X2X2X33X26X3X31211X326616178X44
2X6833X1237767325X568883882X335X317X71948425X765382249786X1X1113X6863313234X224X1167775X62X83X842
3258455688667766568X183X62X331867565X291842X41X63X1X554X16115237536335651327X112X2X23426664874731
97263666866527X769987476783336887444737X7663131X721251112X1151772962456X6X476X2136614X2356X846417
8443222X1621113997464375184411875X3X3X5159972X36X6636X2211X4998X199743X3646X387472X266218X157X3X1
335882239918874833X314421445578511454115236X75X53X789355X42588686679155X33X1124992651665851X12X31
8361528763X522266762956577X22125X789912776171X14475897X143X3152X566945165X3X37787214X65X2422388X2
547X47974147X1X2X81797X47475X71X83X7213135996435256797175344X7876512X53554311X25X1416X28133355862
46X4499351X4623815521X6272X33227845X3X399521693X5X86555X764868X165X14X37X2722299886451X12X597X3X1
7682567X71436288161X38663X76X554X2377637433X39235187572134X872326X21125X75773X3784324684433992366
6X5158X17333614836414438X5112645335X5X2995116831X16X5X23X584437966435826322441364X2157X5282373219
6353484311192X1532552X642457X6X5X4X23727414X546X1667X42X3266888951137X7X73641263844226133854125X5
55X4X867X44943X15X7X24X6392747111X222596112663X15X17654414679129937X6245X4X2687998266499528992556
998X75435X3166311372X53199933745345X14952125X32X31172664X33799483X42447X677X3X21576413595X8864171
41422448X214X7573X2X34X6785117779311X443X42321413X657X7313363134451X3934172816X66884X336X66453574
1564X2X35X13274881X2664651123418975715533X2X77X756X1755715X4X2X2X64639579988653X77941X65641556X68
42X24X232218852X76523X25X54641128388X228X342525X5X512589976X537521442872523754552792X341694531761
8221769968335X68887765553399443X2X414X57814X3553668X4381463714188511X37156276346X341114479513X2X4
4123716388X3X26X522527343551X3X2X37X43X1X544X861X1245X4742112X1212X63X76X821186615X7984X7972X4X24
72346X5663224X1312437791678X331X1X247X1X4X5134211X62566X624445222271248862X1185417429852764466588
5533X63X42X86145X3X41291667311X334X521X62313655X327751178965X274X7X618X86X76341X175636X2X63435X67
11498756313844X1114X249334X5244X2149932X1427X1576262442X894742775112216541X3X526863X885X4172X5269
15198588X3213665X43331141145X4543339254438621322X8543X57162X726536X66888372X2X3584X248586487417X7
9626866967412977324338255451177891494939184167158996549484243748281292162736645758497653598743153
